// Jest Snapshot v1, https://goo.gl/fbAQLP

exports[`Main navigator renders correctly 1`] = `
<View
  loaded={
    Array [
      0,
    ]
  }
  onLayout={[Function]}
  style={
    Array [
      Object {
        "flex": 1,
        "overflow": "hidden",
      },
      Object {
        "flex": 1,
      },
    ]
  }
>
  <View
    collapsable={undefined}
    style={
      Object {
        "backgroundColor": "#F7F7F7",
        "borderTopColor": "rgba(0, 0, 0, .3)",
        "borderTopWidth": 0.5,
        "flexDirection": "row",
        "height": 49,
      }
    }
  >
    <View
      accessibilityComponentType={undefined}
      accessibilityLabel={undefined}
      accessibilityTraits={undefined}
      accessible={true}
      collapsable={undefined}
      hitSlop={undefined}
      nativeID={undefined}
      onLayout={undefined}
      onResponderGrant={[Function]}
      onResponderMove={[Function]}
      onResponderRelease={[Function]}
      onResponderTerminate={[Function]}
      onResponderTerminationRequest={[Function]}
      onStartShouldSetResponder={[Function]}
      style={
        Object {
          "alignItems": "stretch",
          "backgroundColor": "rgba(60, 60, 60, 1)",
          "flex": 1,
          "justifyContent": "flex-end",
        }
      }
      testID={undefined}
    >
      <View
        style={
          Object {
            "flexGrow": 1,
          }
        }
      >
        <View
          collapsable={undefined}
          style={
            Object {
              "alignItems": "center",
              "bottom": 0,
              "justifyContent": "center",
              "left": 0,
              "opacity": 1,
              "position": "absolute",
              "right": 0,
              "top": 0,
            }
          }
        >
          <Image
            source={undefined}
            style={
              Object {
                "height": 26,
                "width": 26,
              }
            }
          />
        </View>
        <View
          collapsable={undefined}
          style={
            Object {
              "alignItems": "center",
              "bottom": 0,
              "justifyContent": "center",
              "left": 0,
              "opacity": 0,
              "position": "absolute",
              "right": 0,
              "top": 0,
            }
          }
        >
          <Image
            source={undefined}
            style={
              Object {
                "height": 26,
                "width": 26,
              }
            }
          />
        </View>
      </View>
    </View>
  </View>
</View>
`;
