// Jest Snapshot v1, https://goo.gl/fbAQLP

exports[`AddScreen renders correctly 1`] = `
<View
  style={
    Object {
      "backgroundColor": "#c764cc",
      "flex": 1,
    }
  }
>
  <Text
    accessible={true}
    allowFontScaling={true}
    disabled={false}
    ellipsizeMode="tail"
  >
    [missing "en.add.welcome" translation]
  </Text>
</View>
`;
