// Jest Snapshot v1, https://goo.gl/fbAQLP

exports[`Reusable Cell renders correctly 1`] = `
<View>
  Cell
</View>
`;
